[29372:1009/221732.601:ERROR:cache_util_win.cc(20)] Unable to move the cache: 拒绝访问。 (0x5)
[29372:1009/221732.601:ERROR:cache_util_win.cc(20)] Unable to move the cache: 拒绝访问。 (0x5)
[29372:1009/221732.601:ERROR:cache_util_win.cc(20)] Unable to move the cache: 拒绝访问。 (0x5)
[29372:1009/221732.604:ERROR:disk_cache.cc(208)] Unable to create cache
[29372:1009/221732.606:ERROR:gpu_disk_cache.cc(711)] Gpu Cache Creation failed: -2
[29372:1009/221732.608:ERROR:disk_cache.cc(208)] Unable to create cache
[29372:1009/221732.609:ERROR:gpu_disk_cache.cc(711)] Gpu Cache Creation failed: -2
[29372:1009/221732.611:ERROR:disk_cache.cc(208)] Unable to create cache
[29372:1009/221732.612:ERROR:gpu_disk_cache.cc(711)] Gpu Cache Creation failed: -2
构建参数 mainBundleCompressionType (merge_dep) 校验失败,  compression type(undefined) is invalid for this platform!, 将会使用默认值 "merge_dep"
构建参数 debug ("true") 校验失败, typeof debug should be boolean but get true, 将会使用默认值 true
[29372:1009/221941.114:ERROR:cache_util_win.cc(20)] Unable to move the cache: 拒绝访问。 (0x5)
[29372:1009/221941.114:ERROR:cache_util_win.cc(20)] Unable to move the cache: 拒绝访问。 (0x5)
[29372:1009/221941.114:ERROR:cache_util_win.cc(20)] Unable to move the cache: 拒绝访问。 (0x5)
[29372:1009/221941.122:ERROR:disk_cache.cc(208)] Unable to create cache
[29372:1009/221941.123:ERROR:gpu_disk_cache.cc(711)] Gpu Cache Creation failed: -2
[29372:1009/221941.123:ERROR:disk_cache.cc(208)] Unable to create cache
[29372:1009/221941.123:ERROR:gpu_disk_cache.cc(711)] Gpu Cache Creation failed: -2
[29372:1009/221941.124:ERROR:disk_cache.cc(208)] Unable to create cache
[29372:1009/221941.124:ERROR:gpu_disk_cache.cc(711)] Gpu Cache Creation failed: -2
