[39916:1006/141111.444:ERROR:cache_util_win.cc(20)] Unable to move the cache: 拒绝访问。 (0x5)
[39916:1006/141111.444:ERROR:cache_util_win.cc(20)] Unable to move the cache: 拒绝访问。 (0x5)
[39916:1006/141111.444:ERROR:cache_util_win.cc(20)] Unable to move the cache: 拒绝访问。 (0x5)
[39916:1006/141111.449:ERROR:disk_cache.cc(208)] Unable to create cache
[39916:1006/141111.450:ERROR:gpu_disk_cache.cc(711)] Gpu Cache Creation failed: -2
[39916:1006/141111.451:ERROR:disk_cache.cc(208)] Unable to create cache
[39916:1006/141111.452:ERROR:gpu_disk_cache.cc(711)] Gpu Cache Creation failed: -2
[39916:1006/141111.453:ERROR:disk_cache.cc(208)] Unable to create cache
[39916:1006/141111.454:ERROR:gpu_disk_cache.cc(711)] Gpu Cache Creation failed: -2
构建参数 mainBundleCompressionType (merge_dep) 校验失败,  compression type(undefined) is invalid for this platform!, 将会使用默认值 "merge_dep"
构建参数 debug ("true") 校验失败, typeof debug should be boolean but get true, 将会使用默认值 true
[39916:1006/141205.588:ERROR:cache_util_win.cc(20)] Unable to move the cache: 拒绝访问。 (0x5)
[39916:1006/141205.588:ERROR:cache_util_win.cc(20)] Unable to move the cache: 拒绝访问。 (0x5)
[39916:1006/141205.588:ERROR:cache_util_win.cc(20)] Unable to move the cache: 拒绝访问。 (0x5)
[39916:1006/141205.592:ERROR:disk_cache.cc(208)] Unable to create cache
[39916:1006/141205.592:ERROR:gpu_disk_cache.cc(711)] Gpu Cache Creation failed: -2
[39916:1006/141205.592:ERROR:disk_cache.cc(208)] Unable to create cache
[39916:1006/141205.592:ERROR:gpu_disk_cache.cc(711)] Gpu Cache Creation failed: -2
[39916:1006/141205.592:ERROR:disk_cache.cc(208)] Unable to create cache
[39916:1006/141205.592:ERROR:gpu_disk_cache.cc(711)] Gpu Cache Creation failed: -2
