[35000:1006/140227.468:ERROR:cache_util_win.cc(20)] Unable to move the cache: 拒绝访问。 (0x5)
[35000:1006/140227.468:ERROR:cache_util_win.cc(20)] Unable to move the cache: 拒绝访问。 (0x5)
[35000:1006/140227.468:ERROR:cache_util_win.cc(20)] Unable to move the cache: 拒绝访问。 (0x5)
[35000:1006/140227.474:ERROR:disk_cache.cc(208)] Unable to create cache
[35000:1006/140227.475:ERROR:gpu_disk_cache.cc(711)] Gpu Cache Creation failed: -2
[35000:1006/140227.478:ERROR:disk_cache.cc(208)] Unable to create cache
[35000:1006/140227.478:ERROR:gpu_disk_cache.cc(711)] Gpu Cache Creation failed: -2
[35000:1006/140227.479:ERROR:disk_cache.cc(208)] Unable to create cache
[35000:1006/140227.479:ERROR:gpu_disk_cache.cc(711)] Gpu Cache Creation failed: -2
构建参数 mainBundleCompressionType (merge_dep) 校验失败,  compression type(undefined) is invalid for this platform!, 将会使用默认值 "merge_dep"
构建参数 debug ("true") 校验失败, typeof debug should be boolean but get true, 将会使用默认值 true
[35000:1006/140447.927:ERROR:cache_util_win.cc(20)] Unable to move the cache: 拒绝访问。 (0x5)
[35000:1006/140447.927:ERROR:cache_util_win.cc(20)] Unable to move the cache: 拒绝访问。 (0x5)
[35000:1006/140447.927:ERROR:cache_util_win.cc(20)] Unable to move the cache: 拒绝访问。 (0x5)
[35000:1006/140447.932:ERROR:disk_cache.cc(208)] Unable to create cache
[35000:1006/140447.932:ERROR:gpu_disk_cache.cc(711)] Gpu Cache Creation failed: -2
[35000:1006/140447.933:ERROR:disk_cache.cc(208)] Unable to create cache
[35000:1006/140447.933:ERROR:gpu_disk_cache.cc(711)] Gpu Cache Creation failed: -2
[35000:1006/140447.933:ERROR:disk_cache.cc(208)] Unable to create cache
[35000:1006/140447.933:ERROR:gpu_disk_cache.cc(711)] Gpu Cache Creation failed: -2
