
init **** success
Arguments:
  C:\ProgramData\cocos\editors\Creator\3.8.8\CocosCreator.exe: true
  project: D:\work\ai-studio-template\ai-studio-001\apps\client\temp\cocos-cli-browser-probe
  build: platform=web-mobile;debug=true
  dev: false
  home: C:\Users\admin\.CocosCreator
 
[Package] metrics@1.0.0 enable
[Package] menu@1.0.0 enable
[Package] profile@1.0.0 enable
[Package] project@1.0.6 enable
[Package] messages@1.0.0 enable
[Package] utils@1.0.0 enable
[Package] program@1.0.4 enable
[Package] tester@1.0.0 enable
[Package] information@1.0.1 enable
[Package] preferences@1.0.0 enable
[EditorQuickCompiler]Version information looks good.
Note, quick compiler does not get launched.
engine:compile-builtin-engine-success (232ms)
Load engine in C:\ProgramData\cocos\editors\Creator\3.8.8\resources\resources\3d\engine
Register native engine in C:\ProgramData\cocos\editors\Creator\3.8.8\resources\resources\3d\engine\native
[Package] engine@1.0.12 enable
[Package] programming@1.0.0 enable
[Package] window@1.0.0 enable
Request namespace: device-list
[Package] device@1.0.1 enable
[Package] ui-kit@1.0.1 enable
[Package] asset-db@1.0.0 enable
[Package] scene@1.0.3 enable
[Package] server@1.0.0 enable
[Package] preview@1.0.1 enable
Preview import map: {
  "imports": {
    "cc": "cce:/internal/x/cc",
    "cc/env": "cc/editor/populate-internal-constants",
    "cce.env": "cc/editor/populate-internal-constants",
    "cc/userland/macro": "./userland/macro"
  }
}
[Package] animator@1.0.0 enable
[Build] internalRegister pkg(scene) in android platform success!
[Package] builder@1.3.9 enable
[Build] internalRegister pkg(scene) in google-play platform success!
[Build] internalRegister pkg(scene) in ohos platform success!
[Build] internalRegister pkg(scene) in harmonyos-next platform success!
[Build] internalRegister pkg(scene) in huawei-agc platform success!
[Build] internalRegister pkg(scene) in ios platform success!
[Build] internalRegister pkg(scene) in windows platform success!
[Build] internalRegister pkg(scene) in mac platform success!
[Build] internalRegister pkg(scene) in linux platform success!
[Build] internalRegister pkg(scene) in openpaas platform success!
[Build] internalRegister pkg(scene) in alipay-mini-game platform success!
[Build] internalRegister pkg(scene) in taobao-creative-app platform success!
[Build] internalRegister pkg(scene) in taobao-mini-game platform success!
[Build] internalRegister pkg(scene) in bytedance-mini-game platform success!
[Build] internalRegister pkg(scene) in oppo-mini-game platform success!
[Build] internalRegister pkg(scene) in huawei-quick-game platform success!
[Build] internalRegister pkg(scene) in migu-mini-game platform success!
[Build] internalRegister pkg(scene) in honor-mini-game platform success!
[Build] internalRegister pkg(scene) in vivo-mini-game platform success!
[Build] internalRegister pkg(scene) in xiaomi-quick-game platform success!
[Build] internalRegister pkg(scene) in baidu-mini-game platform success!
[Build] internalRegister pkg(scene) in wechatgame platform success!
[Build] internalRegister pkg(scene) in wechatprogram platform success!
[Build] internalRegister pkg(scene) in link-sure platform success!
[Build] internalRegister pkg(scene) in qtt platform success!
[Build] internalRegister pkg(scene) in fb-instant-games platform success!
[Build] internalRegister pkg(scene) in web-desktop platform success!
[Build] internalRegister pkg(scene) in web-mobile platform success!
[Build] internalRegister pkg(scene) in cocos-runtime platform success!
[Build] internalRegister pkg(scene) in platform-example platform success!
[Build] internalRegister pkg(scene) in online platform success!
[Build] internalRegister pkg(scene) in xr-meta platform success!
[Build] internalRegister pkg(scene) in xr-huaweivr platform success!
[Build] internalRegister pkg(scene) in xr-pico platform success!
[Build] internalRegister pkg(scene) in xr-rokid platform success!
[Build] internalRegister pkg(scene) in xr-monado platform success!
[Build] internalRegister pkg(scene) in xr-spaces platform success!
[Build] internalRegister pkg(scene) in xr-seed platform success!
[Build] internalRegister pkg(scene) in ar-android platform success!
[Build] internalRegister pkg(scene) in ar-ios platform success!
[Build] internalRegister pkg(scene) in xr-gsxr platform success!
[Build] internalRegister pkg(scene) in xr-yvr platform success!
[Build] internalRegister pkg(scene) in xr-htc platform success!
[Build] internalRegister pkg(scene) in xr-iqiyi platform success!
[Build] internalRegister pkg(scene) in xr-skyworth platform success!
[Build] internalRegister pkg(scene) in xr-ffalcon platform success!
[Build] internalRegister pkg(scene) in xr-nreal platform success!
[Build] internalRegister pkg(scene) in xr-inmo platform success!
[Build] internalRegister pkg(scene) in xr-lenovo platform success!
[Build] internalRegister pkg(scene) in android-hmi platform success!
[Build-plugin] register pkg scene: 52ms
Builder PluginManager init: 52ms
[Package] shortcuts@1.0.1 enable
[Package] animation-graph@1.0.0 enable
[Package] about@1.0.0 enable
[Package] assets@1.0.0 enable
[Package] console@1.0.0 enable
[Package] crash-reporter@1.0.0 enable
[Package] extension@3.1.4 enable
[Package] feedback@1.0.0 enable
[Package] hierarchy@1.0.0 enable
[Package] inspector@1.0.0 enable
[Package] light-probe@1.0.4 enable
[Package] lightmap@1.0.4 enable
[Package] node-library@1.0.1 enable
[Package] package-asset@1.0.3 enable
[Package] process@1.0.0 enable
[Package] reference-image@1.0.0 enable
[Package] reflection-probe@1.0.4 enable
[Package] engine-extends@1.0.0 enable
[Package] adsense-h5g-plugin@1.0.1 enable
[Build] internalRegister pkg(adsense-h5g-plugin) in android platform success!
[Build] internalRegister pkg(adsense-h5g-plugin) in google-play platform success!
[Build] internalRegister pkg(adsense-h5g-plugin) in ohos platform success!
[Build] internalRegister pkg(adsense-h5g-plugin) in harmonyos-next platform success!
[Build] internalRegister pkg(adsense-h5g-plugin) in huawei-agc platform success!
[Build] internalRegister pkg(adsense-h5g-plugin) in ios platform success!
[Build] internalRegister pkg(adsense-h5g-plugin) in windows platform success!
[Build] internalRegister pkg(adsense-h5g-plugin) in mac platform success!
[Build] internalRegister pkg(adsense-h5g-plugin) in linux platform success!
[Build] internalRegister pkg(adsense-h5g-plugin) in openpaas platform success!
[Build] internalRegister pkg(adsense-h5g-plugin) in alipay-mini-game platform success!
[Build] internalRegister pkg(adsense-h5g-plugin) in taobao-creative-app platform success!
[Build] internalRegister pkg(adsense-h5g-plugin) in taobao-mini-game platform success!
[Build] internalRegister pkg(adsense-h5g-plugin) in bytedance-mini-game platform success!
[Build] internalRegister pkg(adsense-h5g-plugin) in oppo-mini-game platform success!
[Build] internalRegister pkg(adsense-h5g-plugin) in huawei-quick-game platform success!
[Build] internalRegister pkg(adsense-h5g-plugin) in migu-mini-game platform success!
[Build] internalRegister pkg(adsense-h5g-plugin) in honor-mini-game platform success!
[Build] internalRegister pkg(adsense-h5g-plugin) in vivo-mini-game platform success!
[Build] internalRegister pkg(adsense-h5g-plugin) in xiaomi-quick-game platform success!
[Build] internalRegister pkg(adsense-h5g-plugin) in baidu-mini-game platform success!
[Build] internalRegister pkg(adsense-h5g-plugin) in wechatgame platform success!
[Build] internalRegister pkg(adsense-h5g-plugin) in wechatprogram platform success!
[Build] internalRegister pkg(adsense-h5g-plugin) in link-sure platform success!
[Build] internalRegister pkg(adsense-h5g-plugin) in qtt platform success!
[Build] internalRegister pkg(adsense-h5g-plugin) in fb-instant-games platform success!
[Build] internalRegister pkg(adsense-h5g-plugin) in web-desktop platform success!
[Build] internalRegister pkg(adsense-h5g-plugin) in web-mobile platform success!
[Build] internalRegister pkg(adsense-h5g-plugin) in cocos-runtime platform success!
[Build] internalRegister pkg(adsense-h5g-plugin) in platform-example platform success!
[Build] internalRegister pkg(adsense-h5g-plugin) in online platform success!
[Build] internalRegister pkg(adsense-h5g-plugin) in xr-meta platform success!
[Build] internalRegister pkg(adsense-h5g-plugin) in xr-huaweivr platform success!
[Build] internalRegister pkg(adsense-h5g-plugin) in xr-pico platform success!
[Build] internalRegister pkg(adsense-h5g-plugin) in xr-rokid platform success!
[Build] internalRegister pkg(adsense-h5g-plugin) in xr-monado platform success!
[Build] internalRegister pkg(adsense-h5g-plugin) in xr-spaces platform success!
[Build] internalRegister pkg(adsense-h5g-plugin) in xr-seed platform success!
[Build] internalRegister pkg(adsense-h5g-plugin) in ar-android platform success!
[Build] internalRegister pkg(adsense-h5g-plugin) in ar-ios platform success!
[Build] internalRegister pkg(adsense-h5g-plugin) in xr-gsxr platform success!
[Build] internalRegister pkg(adsense-h5g-plugin) in xr-yvr platform success!
[Build] internalRegister pkg(adsense-h5g-plugin) in xr-htc platform success!
[Build] internalRegister pkg(adsense-h5g-plugin) in xr-iqiyi platform success!
[Build] internalRegister pkg(adsense-h5g-plugin) in xr-skyworth platform success!
[Build] internalRegister pkg(adsense-h5g-plugin) in xr-ffalcon platform success!
[Build] internalRegister pkg(adsense-h5g-plugin) in xr-nreal platform success!
[Build] internalRegister pkg(adsense-h5g-plugin) in xr-inmo platform success!
[Build] internalRegister pkg(adsense-h5g-plugin) in xr-lenovo platform success!
[Build] internalRegister pkg(adsense-h5g-plugin) in android-hmi platform success!
[Build] internalRegister pkg(adsense-h5g-plugin) in web-desktop platform success!
[Build] internalRegister pkg(adsense-h5g-plugin) in web-mobile platform success!
[Build-plugin] register pkg adsense-h5g-plugin: 16ms
[Package] alipay-mini-game@1.0.2 enable
[Build] internalRegister pkg(alipay-mini-game) in alipay-mini-game platform success!
[Build-plugin] register pkg alipay-mini-game: 7ms
[Package] android@1.0.1 enable
[Build] internalRegister pkg(android) in android platform success!
[Build] internalRegister pkg(android) in huawei-agc platform success!
[Build-plugin] register pkg android: 9ms
[Package] bytedance-mini-game@1.0.3 enable
[Build] internalRegister pkg(bytedance-mini-game) in bytedance-mini-game platform success!
[Build-plugin] register pkg bytedance-mini-game: 6ms
[Package] certificate@1.0.0 enable
[Package] channel-upload-tools@1.0.0 enable
[Package] fb-instant-games@1.0.0 enable
[Build] internalRegister pkg(fb-instant-games) in fb-instant-games platform success!
[Build-plugin] register pkg fb-instant-games: 5ms
[Package] google-play@1.0.1 enable
[Build] internalRegister pkg(google-play) in google-play platform success!
[Build-plugin] register pkg google-play: 6ms
[Package] harmonyos-next@1.0.0 enable
[Build] internalRegister pkg(harmonyos-next) in harmonyos-next platform success!
[Build-plugin] register pkg harmonyos-next: 6ms
[Package] honor-mini-game@1.0.0 enable
[Build] internalRegister pkg(honor-mini-game) in honor-mini-game platform success!
[Build-plugin] register pkg honor-mini-game: 5ms
[Package] huawei-agc@1.0.0 enable
[Build] internalRegister pkg(huawei-agc) in huawei-agc platform success!
[Build-plugin] register pkg huawei-agc: 3ms
[Package] huawei-quick-game@1.0.3 enable
[Build] internalRegister pkg(huawei-quick-game) in huawei-quick-game platform success!
[Build-plugin] register pkg huawei-quick-game: 5ms
[Package] ios@1.0.1 enable
[Build-plugin] register pkg ios: 4ms
[Package] linux@1.0.0 enable
平台 linux 不存在，无法添加该平台
[Package] mac@1.0.0 enable
[Build-plugin] register pkg mac: 5ms
[Package] migu-mini-game@1.0.0 enable
[Build] internalRegister pkg(migu-mini-game) in migu-mini-game platform success!
[Build-plugin] register pkg migu-mini-game: 5ms
[Package] native@1.0.2 enable
[Build] internalRegister pkg(native) in ios platform success!
[Build] internalRegister pkg(native) in android platform success!
[Build] internalRegister pkg(native) in huawei-agc platform success!
[Build] internalRegister pkg(native) in windows platform success!
[Build] internalRegister pkg(native) in mac platform success!
[Build] internalRegister pkg(native) in google-play platform success!
[Build] internalRegister pkg(native) in ohos platform success!
[Build] internalRegister pkg(native) in harmonyos-next platform success!
平台 linux 不存在，不支持向该平台注册任何内容
[Build] internalRegister pkg(native) in xr-huaweivr platform success!
[Build] internalRegister pkg(native) in xr-meta platform success!
[Build] internalRegister pkg(native) in xr-pico platform success!
[Build] internalRegister pkg(native) in xr-rokid platform success!
[Build] internalRegister pkg(native) in xr-monado platform success!
[Build] internalRegister pkg(native) in ar-android platform success!
[Build] internalRegister pkg(native) in ar-ios platform success!
[Build] internalRegister pkg(native) in xr-spaces platform success!
[Build] internalRegister pkg(native) in xr-seed platform success!
[Build] internalRegister pkg(native) in xr-gsxr platform success!
[Build] internalRegister pkg(native) in xr-yvr platform success!
[Build] internalRegister pkg(native) in xr-htc platform success!
[Build] internalRegister pkg(native) in xr-iqiyi platform success!
[Build] internalRegister pkg(native) in xr-skyworth platform success!
[Build] internalRegister pkg(native) in xr-ffalcon platform success!
[Build] internalRegister pkg(native) in xr-nreal platform success!
[Build] internalRegister pkg(native) in xr-inmo platform success!
[Build] internalRegister pkg(native) in xr-lenovo platform success!
[Build-plugin] register pkg native: 14ms
[Package] ohos@1.0.0 enable
[Build] internalRegister pkg(ohos) in ohos platform success!
[Build-plugin] register pkg ohos: 4ms
[Package] oppo-mini-game@1.0.3 enable
[Build] internalRegister pkg(oppo-mini-game) in oppo-mini-game platform success!
[Build-plugin] register pkg oppo-mini-game: 6ms
[Package] runtime-dev-tools@1.0.0 enable
[Package] taobao-mini-game@1.0.1 enable
[Build] internalRegister pkg(taobao-mini-game) in taobao-mini-game platform success!
[Build-plugin] register pkg taobao-mini-game: 5ms
[Package] vivo-mini-game@1.0.3 enable
[Build] internalRegister pkg(vivo-mini-game) in vivo-mini-game platform success!
[Build-plugin] register pkg vivo-mini-game: 4ms
[Package] web-desktop@1.0.1 enable
[Build] internalRegister pkg(web-desktop) in web-desktop platform success!
[Build-plugin] register pkg web-desktop: 4ms
[Package] web-mobile@1.0.1 enable
[Build] internalRegister pkg(web-mobile) in web-mobile platform success!
[Build-plugin] register pkg web-mobile: 4ms
[Package] wechatgame@1.0.4 enable
[Build] internalRegister pkg(wechatgame) in wechatgame platform success!
[Build-plugin] register pkg wechatgame: 5ms
[Package] wechatprogram@1.0.2 enable
平台 wechatprogram 不存在，无法添加该平台
[Package] windows@1.0.1 enable
[Build] internalRegister pkg(windows) in windows platform success!
[Build-plugin] register pkg windows: 5ms
[Package] xiaomi-quick-game@1.0.2 enable
[Build] internalRegister pkg(xiaomi-quick-game) in xiaomi-quick-game platform success!
[Build-plugin] register pkg xiaomi-quick-game: 5ms
[builder-ui] card-page 本地服务已启动: http://127.0.0.1:51101/builder-home/
[builder-ui][ota] {"stage":"schedule","status":"started","env":"prod","intervalMs":3600000,"id":1,"at":"2026-10-06T14:02:34.317+08:00"}
[Package] builder-ui@1.1.16 enable
[Package] cocos-service@3.0.9 enable
[Build] internalRegister pkg(cocos-service) in android platform success!
[Build] internalRegister pkg(cocos-service) in google-play platform success!
[Build] internalRegister pkg(cocos-service) in ohos platform success!
[Build] internalRegister pkg(cocos-service) in harmonyos-next platform success!
[Build] internalRegister pkg(cocos-service) in huawei-agc platform success!
[Build] internalRegister pkg(cocos-service) in ios platform success!
[Build] internalRegister pkg(cocos-service) in windows platform success!
[Build] internalRegister pkg(cocos-service) in mac platform success!
[Build] internalRegister pkg(cocos-service) in linux platform success!
[Build] internalRegister pkg(cocos-service) in openpaas platform success!
[Build] internalRegister pkg(cocos-service) in alipay-mini-game platform success!
[Build] internalRegister pkg(cocos-service) in taobao-creative-app platform success!
[Build] internalRegister pkg(cocos-service) in taobao-mini-game platform success!
[Build] internalRegister pkg(cocos-service) in bytedance-mini-game platform success!
[Build] internalRegister pkg(cocos-service) in oppo-mini-game platform success!
[Build] internalRegister pkg(cocos-service) in huawei-quick-game platform success!
[Build] internalRegister pkg(cocos-service) in migu-mini-game platform success!
[Build] internalRegister pkg(cocos-service) in honor-mini-game platform success!
[Build] internalRegister pkg(cocos-service) in vivo-mini-game platform success!
[Build] internalRegister pkg(cocos-service) in xiaomi-quick-game platform success!
[Build] internalRegister pkg(cocos-service) in baidu-mini-game platform success!
[Build] internalRegister pkg(cocos-service) in wechatgame platform success!
[Build] internalRegister pkg(cocos-service) in wechatprogram platform success!
[Build] internalRegister pkg(cocos-service) in link-sure platform success!
[Build] internalRegister pkg(cocos-service) in qtt platform success!
[Build] internalRegister pkg(cocos-service) in fb-instant-games platform success!
[Build] internalRegister pkg(cocos-service) in web-desktop platform success!
[Build] internalRegister pkg(cocos-service) in web-mobile platform success!
[Build] internalRegister pkg(cocos-service) in cocos-runtime platform success!
[Build] internalRegister pkg(cocos-service) in platform-example platform success!
[Build] internalRegister pkg(cocos-service) in online platform success!
[Build] internalRegister pkg(cocos-service) in xr-meta platform success!
[Build] internalRegister pkg(cocos-service) in xr-huaweivr platform success!
[Build] internalRegister pkg(cocos-service) in xr-pico platform success!
[Build] internalRegister pkg(cocos-service) in xr-rokid platform success!
[Build] internalRegister pkg(cocos-service) in xr-monado platform success!
[Build] internalRegister pkg(cocos-service) in xr-spaces platform success!
[Build] internalRegister pkg(cocos-service) in xr-seed platform success!
[Build] internalRegister pkg(cocos-service) in ar-android platform success!
[Build] internalRegister pkg(cocos-service) in ar-ios platform success!
[Build] internalRegister pkg(cocos-service) in xr-gsxr platform success!
[Build] internalRegister pkg(cocos-service) in xr-yvr platform success!
[Build] internalRegister pkg(cocos-service) in xr-htc platform success!
[Build] internalRegister pkg(cocos-service) in xr-iqiyi platform success!
[Build] internalRegister pkg(cocos-service) in xr-skyworth platform success!
[Build] internalRegister pkg(cocos-service) in xr-ffalcon platform success!
[Build] internalRegister pkg(cocos-service) in xr-nreal platform success!
[Build] internalRegister pkg(cocos-service) in xr-inmo platform success!
[Build] internalRegister pkg(cocos-service) in xr-lenovo platform success!
[Build] internalRegister pkg(cocos-service) in android-hmi platform success!
[Build-plugin] register pkg cocos-service: 15ms
[Package] im-plugin@3.0.14 enable
[Package] openpaas@1.0.0 enable
[Build] internalRegister pkg(openpaas) in openpaas platform success!
[Build-plugin] register pkg openpaas: 5ms
[builder-ui][ota] {"stage":"check","status":"no-update","version":"1.0.6","durationMs":844,"id":2,"at":"2026-10-06T14:02:35.161+08:00"}
[Package] placeholder@1.0.0 enable
Start enter command build with options {"platform":"web-mobile","debug":"true"}
init builder manager success
[[Facet.reload]], before lock, count: 1
[[Facet.reload]], after lock, count: 1
[[Facet.reload]], before unlock, count: 1
[[Facet.reload]], after unlock, count: 1
auto refresh because script compiled or scene changed
trackTimeEnd failed! Can not find the track time asset-db:worker-startup-database[internal] start
trackTimeEnd failed! Can not find the track time asset-db:worker-startup-database[assets] start
asset-db is ready!
Check and complete build options {
  platform: 'web-mobile',
  debug: 'true',
  outputName: 'web-mobile',
  taskName: 'web-mobile',
  buildMode: 'normal'
}
start preview settings manager
2026-10-6 14:03:10 - debug: =================================== build Task (web-mobile) Start ================================

2026-10-6 14:03:10 - debug: Start build task, options:{"platform":"web-mobile","debug":true,"outputName":"web-mobile","taskName":"web-mobile","buildMode":"normal","mainBundleCompressionType":"merge_dep","packages":{"adsense-h5g-plugin":{"enableAdsense":false,"enableTestAd":false},"web-mobile":{"useWebGPU":false,"orientation":"auto","embedWebDebugger":false}},"name":"hello-world","server":"","engineModulesConfigKey":"defaultConfig","buildPath":"project://build","mangleProperties":false,"md5Cache":false,"skipCompressTexture":false,"sourceMaps":false,"overwriteProjectSettings":{"includeModules":{"gfx-webgl2":"on","physics":"inherit-project-setting","physics-2d":"inherit-project-setting"},"macroConfig":{"cleanupImageCache":"inherit-project-setting"}},"nativeCodeBundleMode":"both","polyfills":{"asyncFunctions":true},"experimentalEraseModules":false,"startSceneAssetBundle":false,"bundleConfigs":[],"inlineEnum":true,"useBuiltinServer":false,"md5CacheOptions":{"excludes":[],"includes":[],"replaceOnly":[],"handleTemplateMd5Link":true},"mainBundleIsRemote":false,"useSplashScreen":true,"bundleCommonChunk":false,"packAutoAtlas":true,"startScene":"7c3e7fab-7b1e-4865-ba84-3cf81b48b9fb","scenes":[{"url":"db://assets/scene/main.scene","uuid":"7c3e7fab-7b1e-4865-ba84-3cf81b48b9fb"}],"wasmCompressionMode":false,"binGroupConfig":{"threshold":16,"enable":false},"logDest":"project://temp/builder/log/web-mobile2026-10-6 14-02.log"}

2026-10-6 14:03:10 - debug: Build with Cocos Creator 3.8.8

[[Facet.reload]], before lock, count: 2
[[Facet.reload]], after lock, count: 2
[[Facet.reload]], before unlock, count: 2
[[Facet.reload]], after unlock, count: 2
2026-10-6 14:03:10 - debug: cocos-service:(onBeforeBuild) start..., progress: 0%

2026-10-6 14:03:10 - debug: // ---- build task cocos-service：onBeforeBuild ----

2026-10-6 14:03:10 - debug: // ---- build task cocos-service：onBeforeBuild ---- (3ms)

2026-10-6 14:03:10 - debug: cocos-service:(onBeforeBuild) in 3 ms ✓, progress: 2%

2026-10-6 14:03:10 - debug: scene:(onBeforeBuild) start..., progress: 2%

2026-10-6 14:03:10 - debug: // ---- build task scene：onBeforeBuild ----

2026-10-6 14:03:10 - debug: // ---- build task scene：onBeforeBuild ---- (1ms)

2026-10-6 14:03:10 - debug: scene:(onBeforeBuild) in 1 ms ✓, progress: 4%

2026-10-6 14:03:10 - debug: Start lock asset db..., progress: 4%

2026-10-6 14:03:10 - log: Asset DB is paused with build!

2026-10-6 14:03:10 - debug: Query all assets info in project

2026-10-6 14:03:10 - debug: init custom config: keepNodeUuid: false, useCache: true

2026-10-6 14:03:10 - debug: web-mobile:(onAfterInit) start..., progress: 4%

2026-10-6 14:03:10 - debug: // ---- build task web-mobile：onAfterInit ----

2026-10-6 14:03:10 - debug: // ---- build task web-mobile：onAfterInit ---- (1ms)

2026-10-6 14:03:10 - debug: web-mobile:(onAfterInit) in 1 ms ✓, progress: 5%

2026-10-6 14:03:10 - debug: cocos-service:(onAfterInit) start..., progress: 5%

2026-10-6 14:03:10 - debug: // ---- build task cocos-service：onAfterInit ----

2026-10-6 14:03:10 - debug: // ---- build task cocos-service：onAfterInit ---- (3ms)

2026-10-6 14:03:10 - debug: cocos-service:(onAfterInit) in 3 ms ✓, progress: 7%

2026-10-6 14:03:10 - debug: Skip compress image, progress: 0%

2026-10-6 14:03:10 - debug: adsense-h5g-plugin:(onBeforeBundleInit) start..., progress: 7%

2026-10-6 14:03:10 - debug: adsense-h5g-plugin:(onBeforeBundleInit) start..., progress: 0%

2026-10-6 14:03:10 - debug: // ---- build task adsense-h5g-plugin：onBeforeBundleInit ----

2026-10-6 14:03:10 - debug: [adsense-h5g-plugin] remove script success

2026-10-6 14:03:10 - debug: // ---- build task adsense-h5g-plugin：onBeforeBundleInit ---- (3ms)

2026-10-6 14:03:10 - debug(2): adsense-h5g-plugin:(onBeforeBundleInit) in 3 ms ✓, progress: 7%

2026-10-6 14:03:11 - debug(2): Init all bundles start..., progress: 7%

2026-10-6 14:03:11 - debug(2): Num of bundles: 2..., progress: 7%

2026-10-6 14:03:11 - debug(2): web-mobile:(onAfterBundleInit) start..., progress: 7%

2026-10-6 14:03:11 - debug: // ---- build task web-mobile：onAfterBundleInit ----

2026-10-6 14:03:11 - debug: // ---- build task web-mobile：onAfterBundleInit ---- (1ms)

2026-10-6 14:03:11 - debug: web-mobile:(onAfterBundleInit) in 1 ms ✓, progress: 7%

2026-10-6 14:03:11 - debug: web-mobile:(onAfterBundleInit) in 1 ms ✓, progress: 13%

2026-10-6 14:03:11 - debug: 查询 Asset Bundle start, progress: 7%

2026-10-6 14:03:11 - debug: // ---- build task 查询 Asset Bundle ----

2026-10-6 14:03:11 - debug: Init bundle root assets start..., progress: 7%

2026-10-6 14:03:11 - debug: Init bundle root assets start..., progress: 13%

2026-10-6 14:03:11 - debug: Query preload assets/scripts from cc.config.json: 60f7195c-ec2a-45eb-ba94-8955f60e81d0,1c02ae6f-4492-4915-b8f8-7492a3b1e4cd,810e96e4-e456-4468-9b59-f4e8f39732c0,efe8e2a3-eace-427b-b4f1-cb8a937ec77d,e9aa9a3e-5b2b-4ac7-a2c7-073de2b2b24f,8bbdbcdd-5cd4-4100-b6d5-b7c9625b6107,50f4348b-c883-4e2f-8f11-ce233b859fa1,fda095cb-831d-4601-ad94-846013963de8,f92806d7-1768-443f-afe8-12bcde84d0f0,dd3a144d-ab7f-41f0-82b8-2e43a090d496,f0416e68-0200-4b77-a926-4f9d16e494da,511d2633-09a7-4bdd-ac42-f778032124b3,5d45aa00-e064-4938-b314-4265f0c2258c,9361fd90-ba52-4f84-aa93-6e878fd576ca,970b0598-bcb0-4714-91fb-2e81440dccd8,bcd64cc6-2dd9-43f6-abbe-66318d332032,d930590d-bb92-4cc8-8bd1-23cd027f9edf,a3cd009f-0ab0-420d-9278-b9fdab939bbc,6a2d0734-bd9e-4ddf-946e-caa52498cb75,c27215d8-6835-4b68-bfbb-bdeac6100c04,b5d6115f-0370-4d7c-aad3-c194cc71cf98,d1346436-ac96-4271-b863-1f4fdead95b0,971bdb23-3ff6-43eb-b422-1c30165a3663,17debcc3-0a6b-4b8a-b00b-dc58b885581e,711ebe11-f673-4cd9-9a83-63c60ba54c5b,c0143906-9aed-447e-9436-2ae8512d1b6e,14da1725-c4c2-42b4-ab08-ee0aeb6898b3,081cab31-dccd-428e-8652-f2404cc81c47,78e0584a-4343-4727-8f37-e14e65c2a2db,ba21476f-2866-4f81-9c4d-6e359316e448,871c3b6c-7379-419d-bda3-794b239ab90d,1d08ef62-a503-4ce2-8b9a-46c90873f7d3,ff9b0199-ce04-4cfe-86cc-6c719f08d6e4,de1c2107-70c8-4021-8459-6399f24d01c6,cbf30902-517f-40dc-af90-a550bac27cf1,5c601d96-e4c7-4698-991b-7ee674b11079

2026-10-6 14:03:11 - debug:   Number of all scenes: 1

2026-10-6 14:03:11 - debug:   Number of all scripts: 6

2026-10-6 14:03:11 - debug:   Number of other assets: 386

2026-10-6 14:03:11 - debug: Init bundle root assets success..., progress: 7%

2026-10-6 14:03:11 - debug: Init bundle root assets success..., progress: 13%

2026-10-6 14:03:11 - debug: reload all scripts.

2026-10-6 14:03:11 - log: creating executor ...

2026-10-6 14:03:11 - debug: [[Executor]] reload before lock

2026-10-6 14:03:11 - debug: Set detail map pack:///resolution-detail-map.json: {}

2026-10-6 14:03:11 - groupCollapsed: Invalidate all modules

2026-10-6 14:03:11 - debug: D:\work\ai-studio-template\ai-studio-001\apps\client\temp\cocos-cli-browser-probe\temp\programming\packer-driver\targets\editor\chunks\93\93ba276ea7b26ffcdc433fab14afc1ed6f05647b.js resolved to D:\work\ai-studio-template\ai-studio-001\apps\client\temp\cocos-cli-browser-probe\temp\programming\packer-driver\targets\editor\chunks\93\93ba276ea7b26ffcdc433fab14afc1ed6f05647b.js is not in module cache!

2026-10-6 14:03:11 - debug: [[Executor]] Module "cce:/internal/x/cc-fu/base" loaded.

2026-10-6 14:03:11 - debug: [[Executor]] Module "cce:/internal/x/cc-fu/gfx-webgl" loaded.

2026-10-6 14:03:11 - debug: [[Executor]] Module "cce:/internal/x/cc-fu/gfx-webgl2" loaded.

2026-10-6 14:03:11 - debug: [[Executor]] Module "cce:/internal/x/cc-fu/gfx-empty" loaded.

2026-10-6 14:03:11 - debug: [[Executor]] Module "cce:/internal/x/cc-fu/gfx-webgpu" loaded.

2026-10-6 14:03:11 - debug: [[Executor]] Module "cce:/internal/x/cc-fu/3d" loaded.

2026-10-6 14:03:11 - debug: [[Executor]] Module "cce:/internal/x/cc-fu/animation" loaded.

2026-10-6 14:03:11 - debug: [[Executor]] Module "cce:/internal/x/cc-fu/skeletal-animation" loaded.

2026-10-6 14:03:11 - debug: [[Executor]] Module "cce:/internal/x/cc-fu/2d" loaded.

2026-10-6 14:03:11 - debug: [[Executor]] Module "cce:/internal/x/cc-fu/sorting" loaded.

2026-10-6 14:03:11 - debug: [[Executor]] Module "cce:/internal/x/cc-fu/rich-text" loaded.

2026-10-6 14:03:11 - debug: [[Executor]] Module "cce:/internal/x/cc-fu/mask" loaded.

2026-10-6 14:03:11 - debug: [[Executor]] Module "cce:/internal/x/cc-fu/graphics" loaded.

2026-10-6 14:03:11 - debug: [[Executor]] Module "cce:/internal/x/cc-fu/ui-skew" loaded.

2026-10-6 14:03:11 - debug: [[Executor]] Module "cce:/internal/x/cc-fu/ui" loaded.

2026-10-6 14:03:11 - debug: [[Executor]] Module "cce:/internal/x/cc-fu/affine-transform" loaded.

2026-10-6 14:03:11 - debug: [[Executor]] Module "cce:/internal/x/cc-fu/sorting-2d" loaded.

2026-10-6 14:03:11 - debug: [[Executor]] Module "cce:/internal/x/cc-fu/particle" loaded.

2026-10-6 14:03:11 - debug: [[Executor]] Module "cce:/internal/x/cc-fu/particle-2d" loaded.

2026-10-6 14:03:11 - debug: [[Executor]] Module "cce:/internal/x/cc-fu/physics-framework" loaded.

2026-10-6 14:03:11 - debug: [[Executor]] Module "cce:/internal/x/cc-fu/physics-cannon" loaded.

2026-10-6 14:03:11 - debug: [[Executor]] Module "cce:/internal/x/cc-fu/physics-physx" loaded.

2026-10-6 14:03:11 - debug: [[Executor]] Module "cce:/internal/x/cc-fu/physics-ammo" loaded.

2026-10-6 14:03:11 - debug: [[Executor]] Module "cce:/internal/x/cc-fu/physics-builtin" loaded.

2026-10-6 14:03:11 - debug: [[Executor]] Module "cce:/internal/x/cc-fu/physics-2d-framework" loaded.

2026-10-6 14:03:11 - debug: [[Executor]] Module "cce:/internal/x/cc-fu/physics-2d-box2d-jsb" loaded.

2026-10-6 14:03:11 - debug: [[Executor]] Module "cce:/internal/x/cc-fu/physics-2d-box2d" loaded.

2026-10-6 14:03:11 - debug: [[Executor]] Module "cce:/internal/x/cc-fu/physics-2d-builtin" loaded.

2026-10-6 14:03:11 - debug: [[Executor]] Module "cce:/internal/x/cc-fu/physics-2d-box2d-wasm" loaded.

2026-10-6 14:03:11 - debug: [[Executor]] Module "cce:/internal/x/cc-fu/intersection-2d" loaded.

2026-10-6 14:03:11 - debug: [[Executor]] Module "cce:/internal/x/cc-fu/primitive" loaded.

2026-10-6 14:03:11 - debug: [[Executor]] Module "cce:/internal/x/cc-fu/profiler" loaded.

2026-10-6 14:03:11 - debug: [[Executor]] Module "cce:/internal/x/cc-fu/geometry-renderer" loaded.

2026-10-6 14:03:11 - debug: [[Executor]] Module "cce:/internal/x/cc-fu/audio" loaded.

2026-10-6 14:03:11 - debug: [[Executor]] Module "cce:/internal/x/cc-fu/video" loaded.

2026-10-6 14:03:11 - debug: [[Executor]] Module "cce:/internal/x/cc-fu/xr" loaded.

2026-10-6 14:03:11 - debug: [[Executor]] Module "cce:/internal/x/cc-fu/light-probe" loaded.

2026-10-6 14:03:11 - debug: [[Executor]] Module "cce:/internal/x/cc-fu/terrain" loaded.

2026-10-6 14:03:11 - debug: [[Executor]] Module "cce:/internal/x/cc-fu/webview" loaded.

2026-10-6 14:03:11 - debug: [[Executor]] Module "cce:/internal/x/cc-fu/tween" loaded.

2026-10-6 14:03:11 - debug: [[Executor]] Module "cce:/internal/x/cc-fu/tiled-map" loaded.

2026-10-6 14:03:11 - debug: [[Executor]] Module "cce:/internal/x/cc-fu/vendor-google" loaded.

2026-10-6 14:03:11 - debug: [[Executor]] Module "cce:/internal/x/cc-fu/spine" loaded.

2026-10-6 14:03:11 - debug: [[Executor]] Module "cce:/internal/x/cc-fu/dragon-bones" loaded.

2026-10-6 14:03:11 - debug: [[Executor]] Module "cce:/internal/x/cc-fu/custom-pipeline" loaded.

2026-10-6 14:03:11 - debug: [[Executor]] Module "cce:/internal/x/cc-fu/custom-pipeline-post-process" loaded.

2026-10-6 14:03:11 - debug: [[Executor]] Module "cce:/internal/x/cc-fu/legacy-pipeline" loaded.

2026-10-6 14:03:11 - debug: [[Executor]] Module "cce:/internal/x/cc-fu/base" loaded.

2026-10-6 14:03:11 - debug: [[Executor]] Module "cce:/internal/x/cc-fu/gfx-webgl" loaded.

2026-10-6 14:03:11 - debug: [[Executor]] Module "cce:/internal/x/cc-fu/gfx-webgl2" loaded.

2026-10-6 14:03:11 - debug: [[Executor]] Module "cce:/internal/x/cc-fu/gfx-empty" loaded.

2026-10-6 14:03:11 - debug: [[Executor]] Module "cce:/internal/x/cc-fu/gfx-webgpu" loaded.

2026-10-6 14:03:11 - debug: [[Executor]] Module "cce:/internal/x/cc-fu/3d" loaded.

2026-10-6 14:03:11 - debug: [[Executor]] Module "cce:/internal/x/cc-fu/animation" loaded.

2026-10-6 14:03:11 - debug: [[Executor]] Module "cce:/internal/x/cc-fu/skeletal-animation" loaded.

2026-10-6 14:03:11 - debug: [[Executor]] Module "cce:/internal/x/cc-fu/2d" loaded.

2026-10-6 14:03:11 - debug: [[Executor]] Module "cce:/internal/x/cc-fu/sorting" loaded.

2026-10-6 14:03:11 - debug: [[Executor]] Module "cce:/internal/x/cc-fu/rich-text" loaded.

2026-10-6 14:03:11 - debug: [[Executor]] Module "cce:/internal/x/cc-fu/mask" loaded.

2026-10-6 14:03:11 - debug: [[Executor]] Module "cce:/internal/x/cc-fu/graphics" loaded.

2026-10-6 14:03:11 - debug: [[Executor]] Module "cce:/internal/x/cc-fu/ui-skew" loaded.

2026-10-6 14:03:11 - debug: [[Executor]] Module "cce:/internal/x/cc-fu/ui" loaded.

2026-10-6 14:03:11 - debug: [[Executor]] Module "cce:/internal/x/cc-fu/affine-transform" loaded.

2026-10-6 14:03:11 - debug: [[Executor]] Module "cce:/internal/x/cc-fu/sorting-2d" loaded.

2026-10-6 14:03:11 - debug: [[Executor]] Module "cce:/internal/x/cc-fu/particle" loaded.

2026-10-6 14:03:11 - debug: [[Executor]] Module "cce:/internal/x/cc-fu/particle-2d" loaded.

2026-10-6 14:03:11 - debug: [[Executor]] Module "cce:/internal/x/cc-fu/physics-framework" loaded.

2026-10-6 14:03:11 - debug: [[Executor]] Module "cce:/internal/x/cc-fu/physics-cannon" loaded.

2026-10-6 14:03:11 - debug: [[Executor]] Module "cce:/internal/x/cc-fu/physics-physx" loaded.

2026-10-6 14:03:11 - debug: [[Executor]] Module "cce:/internal/x/cc-fu/physics-ammo" loaded.

2026-10-6 14:03:11 - debug: [[Executor]] Module "cce:/internal/x/cc-fu/physics-builtin" loaded.

2026-10-6 14:03:11 - debug: [[Executor]] Module "cce:/internal/x/cc-fu/physics-2d-framework" loaded.

2026-10-6 14:03:11 - debug: [[Executor]] Module "cce:/internal/x/cc-fu/physics-2d-box2d" loaded.

2026-10-6 14:03:11 - debug: [[Executor]] Module "cce:/internal/x/cc-fu/physics-2d-builtin" loaded.

2026-10-6 14:03:11 - debug: [[Executor]] Module "cce:/internal/x/cc-fu/physics-2d-box2d-wasm" loaded.

2026-10-6 14:03:11 - debug: [[Executor]] Module "cce:/internal/x/cc-fu/intersection-2d" loaded.

2026-10-6 14:03:11 - debug: [[Executor]] Module "cce:/internal/x/cc-fu/primitive" loaded.

2026-10-6 14:03:11 - debug: [[Executor]] Module "cce:/internal/x/cc-fu/profiler" loaded.

2026-10-6 14:03:11 - debug: [[Executor]] Module "cce:/internal/x/cc-fu/geometry-renderer" loaded.

2026-10-6 14:03:11 - debug: [[Executor]] Module "cce:/internal/x/cc-fu/audio" loaded.

2026-10-6 14:03:11 - debug: [[Executor]] Module "cce:/internal/x/cc-fu/video" loaded.

2026-10-6 14:03:11 - debug: [[Executor]] Module "cce:/internal/x/cc-fu/xr" loaded.

2026-10-6 14:03:11 - debug: [[Executor]] Module "cce:/internal/x/cc-fu/light-probe" loaded.

2026-10-6 14:03:11 - debug: [[Executor]] Module "cce:/internal/x/cc-fu/terrain" loaded.

2026-10-6 14:03:11 - debug: [[Executor]] Module "cce:/internal/x/cc-fu/webview" loaded.

2026-10-6 14:03:11 - debug: [[Executor]] Module "cce:/internal/x/cc-fu/tween" loaded.

2026-10-6 14:03:11 - debug: [[Executor]] Module "cce:/internal/x/cc-fu/tiled-map" loaded.

2026-10-6 14:03:11 - debug: [[Executor]] Module "cce:/internal/x/cc-fu/spine" loaded.

2026-10-6 14:03:11 - debug: [[Executor]] Module "cce:/internal/x/cc-fu/dragon-bones" loaded.

2026-10-6 14:03:11 - debug: [[Executor]] Module "cce:/internal/x/cc-fu/custom-pipeline" loaded.

2026-10-6 14:03:11 - debug: [[Executor]] Module "cce:/internal/x/cc-fu/custom-pipeline-post-process" loaded.

2026-10-6 14:03:11 - debug: [[Executor]] Module "cce:/internal/x/cc-fu/legacy-pipeline" loaded.

2026-10-6 14:03:11 - debug: [[Executor]] Module "cce:/internal/x/cc-fu/vendor-google" loaded.

2026-10-6 14:03:11 - debug: [[Executor]] Module "cce:/internal/x/cc-fu/physics-2d-box2d-jsb" loaded.

2026-10-6 14:03:11 - debug: [[Executor]] Module "pack:///chunks/93/93ba276ea7b26ffcdc433fab14afc1ed6f05647b.js" loaded.

2026-10-6 14:03:11 - debug: Invalidating 'pack:///chunks/93/93ba276ea7b26ffcdc433fab14afc1ed6f05647b.js'

2026-10-6 14:03:11 - groupEnd: Invalidate all modules

2026-10-6 14:03:11 - groupCollapsed: Imports all modules

2026-10-6 14:03:11 - debug: [[Executor]] Module "pack:///chunks/93/93ba276ea7b26ffcdc433fab14afc1ed6f05647b.js" loaded.

2026-10-6 14:03:11 - debug: D:\work\ai-studio-template\ai-studio-001\apps\client\temp\cocos-cli-browser-probe\temp\programming\packer-driver\targets\editor\chunks\6d\6d8fd2b0177941b032ddc0733af48a561fb60657.js resolved to D:\work\ai-studio-template\ai-studio-001\apps\client\temp\cocos-cli-browser-probe\temp\programming\packer-driver\targets\editor\chunks\6d\6d8fd2b0177941b032ddc0733af48a561fb60657.js is not in module cache!

2026-10-6 14:03:11 - debug: [[Executor]] Module "pack:///chunks/6d/6d8fd2b0177941b032ddc0733af48a561fb60657.js" loaded.

2026-10-6 14:03:11 - debug: D:\work\ai-studio-template\ai-studio-001\apps\client\temp\cocos-cli-browser-probe\temp\programming\packer-driver\targets\editor\chunks\50\50ec684ab28702df18cf262b25c26ec6d899c3a5.js resolved to D:\work\ai-studio-template\ai-studio-001\apps\client\temp\cocos-cli-browser-probe\temp\programming\packer-driver\targets\editor\chunks\50\50ec684ab28702df18cf262b25c26ec6d899c3a5.js is not in module cache!

2026-10-6 14:03:11 - debug: D:\work\ai-studio-template\ai-studio-001\apps\client\temp\cocos-cli-browser-probe\temp\programming\packer-driver\targets\editor\chunks\6a\6a5019a719a9014c047e67aa1cf34453ab8392ce.js resolved to D:\work\ai-studio-template\ai-studio-001\apps\client\temp\cocos-cli-browser-probe\temp\programming\packer-driver\targets\editor\chunks\6a\6a5019a719a9014c047e67aa1cf34453ab8392ce.js is not in module cache!

2026-10-6 14:03:11 - debug: D:\work\ai-studio-template\ai-studio-001\apps\client\temp\cocos-cli-browser-probe\temp\programming\packer-driver\targets\editor\chunks\b1\b18130d786bcadd1d0cb653401afdf2ede79b799.js resolved to D:\work\ai-studio-template\ai-studio-001\apps\client\temp\cocos-cli-browser-probe\temp\programming\packer-driver\targets\editor\chunks\b1\b18130d786bcadd1d0cb653401afdf2ede79b799.js is not in module cache!

2026-10-6 14:03:11 - debug: D:\work\ai-studio-template\ai-studio-001\apps\client\temp\cocos-cli-browser-probe\temp\programming\packer-driver\targets\editor\chunks\e2\e2831fde95d58c09916d0f882742b7597544b8d1.js resolved to D:\work\ai-studio-template\ai-studio-001\apps\client\temp\cocos-cli-browser-probe\temp\programming\packer-driver\targets\editor\chunks\e2\e2831fde95d58c09916d0f882742b7597544b8d1.js is not in module cache!

2026-10-6 14:03:11 - debug: D:\work\ai-studio-template\ai-studio-001\apps\client\temp\cocos-cli-browser-probe\temp\programming\packer-driver\targets\editor\chunks\fd\fd74c742a972dbbcd3691d204a338b19a4515b62.js resolved to D:\work\ai-studio-template\ai-studio-001\apps\client\temp\cocos-cli-browser-probe\temp\programming\packer-driver\targets\editor\chunks\fd\fd74c742a972dbbcd3691d204a338b19a4515b62.js is not in module cache!

2026-10-6 14:03:11 - debug: D:\work\ai-studio-template\ai-studio-001\apps\client\temp\cocos-cli-browser-probe\temp\programming\packer-driver\targets\editor\chunks\7d\7dd5f1b51da4ae6cb44c6f9d41d8fc719b109223.js resolved to D:\work\ai-studio-template\ai-studio-001\apps\client\temp\cocos-cli-browser-probe\temp\programming\packer-driver\targets\editor\chunks\7d\7dd5f1b51da4ae6cb44c6f9d41d8fc719b109223.js is not in module cache!

2026-10-6 14:03:11 - debug: [[Executor]] Module "pack:///chunks/6a/6a5019a719a9014c047e67aa1cf34453ab8392ce.js" loaded.

2026-10-6 14:03:11 - debug: [[Executor]] Module "cce:/internal/x/engine-export-to-editor/cc/editor/populate-internal-constants" loaded.

2026-10-6 14:03:11 - debug: [[Executor]] Module "pack:///chunks/7d/7dd5f1b51da4ae6cb44c6f9d41d8fc719b109223.js" loaded.

2026-10-6 14:03:11 - debug: [[Executor]] Module "cce:/internal/x/engine-export-to-editor/cc/editor/populate-internal-constants" loaded.

2026-10-6 14:03:11 - debug: [[Executor]] Register BuiltinPipelineSettings

2026-10-6 14:03:11 - debug: [[Executor]] Module "pack:///chunks/e2/e2831fde95d58c09916d0f882742b7597544b8d1.js" loaded.

2026-10-6 14:03:11 - debug: [[Executor]] Module "pack:///chunks/fd/fd74c742a972dbbcd3691d204a338b19a4515b62.js" loaded.

2026-10-6 14:03:11 - debug: [[Executor]] Register BuiltinPipelinePassBuilder

2026-10-6 14:03:11 - debug: [[Executor]] Module "pack:///chunks/b1/b18130d786bcadd1d0cb653401afdf2ede79b799.js" loaded.

2026-10-6 14:03:11 - debug: [[Executor]] Register BuiltinDepthOfFieldPass

2026-10-6 14:03:11 - debug: [[Executor]] Module "pack:///chunks/50/50ec684ab28702df18cf262b25c26ec6d899c3a5.js" loaded.

2026-10-6 14:03:11 - debug: D:\work\ai-studio-template\ai-studio-001\apps\client\temp\cocos-cli-browser-probe\temp\programming\packer-driver\targets\editor\chunks\62\621a159ce4a7bac550092546e00c97e12458f12b.js resolved to D:\work\ai-studio-template\ai-studio-001\apps\client\temp\cocos-cli-browser-probe\temp\programming\packer-driver\targets\editor\chunks\62\621a159ce4a7bac550092546e00c97e12458f12b.js is not in module cache!

2026-10-6 14:03:11 - debug: [[Executor]] Register DebugViewRuntimeControl

2026-10-6 14:03:11 - debug: [[Executor]] Module "pack:///chunks/62/621a159ce4a7bac550092546e00c97e12458f12b.js" loaded.

2026-10-6 14:03:11 - debug: [[Executor]] Module "pack:///chunks/6d/6d8fd2b0177941b032ddc0733af48a561fb60657.js" loaded.

2026-10-6 14:03:11 - groupEnd: Imports all modules

2026-10-6 14:03:11 - debug: [[Executor]] after unlock

2026-10-6 14:03:11 - debug: Incremental keys: regeneratorRuntime,b2jsb

2026-10-6 14:03:11 - debug: Init bundle share assets start..., progress: 7%

2026-10-6 14:03:11 - debug: Init bundle share assets start..., progress: 13%

2026-10-6 14:03:11 - debug: Init bundle share assets success..., progress: 7%

2026-10-6 14:03:11 - debug: Init bundle share assets success..., progress: 13%

2026-10-6 14:03:11 - debug: handle json group in bundle internal

2026-10-6 14:03:11 - debug: handle json group in bundle internal success

2026-10-6 14:03:11 - debug: handle json group in bundle main

2026-10-6 14:03:11 - debug: init image compress task 0 in bundle internal

2026-10-6 14:03:11 - debug: handle json group in bundle main success

2026-10-6 14:03:11 - debug: init image compress task 0 in bundle main

2026-10-6 14:03:11 - debug: // ---- build task 查询 Asset Bundle ---- (183ms)

2026-10-6 14:03:11 - log: run build task 查询 Asset Bundle success in 183 ms√, progress: 12%

2026-10-6 14:03:11 - debug: [Build Memory track]: 查询 Asset Bundle start:238.58MB, end 241.98MB, increase: 3.40MB

2026-10-6 14:03:11 - debug: 查询 Asset Bundle start, progress: 12%

2026-10-6 14:03:11 - debug: // ---- build task 查询 Asset Bundle ----

2026-10-6 14:03:11 - debug: // ---- build task 查询 Asset Bundle ---- (3ms)

2026-10-6 14:03:11 - log: run build task 查询 Asset Bundle success in 3 ms√, progress: 17%

2026-10-6 14:03:11 - debug: [Build Memory track]: 查询 Asset Bundle start:242.04MB, end 242.17MB, increase: 137.52KB

2026-10-6 14:03:11 - debug: 打包脚本 start, progress: 17%

2026-10-6 14:03:11 - debug: // ---- build task 打包脚本 ----

auto refresh because script compiled or scene changed
2026-10-6 14:03:12 - log: [buildPolyfillsCommand]enter sub process 23468, 9229, see: chrome://inspect/#devices

2026-10-6 14:03:17 - debug: execute-script-end with buildPolyfillsCommand 5848ms

2026-10-6 14:03:17 - debug: Generate systemJs..., progress: 17%

2026-10-6 14:03:19 - debug: execute-script-end with buildSystemJsCommand 2249ms

2026-10-6 14:03:19 - debug: 构建项目脚本 start..., progress: 17%

2026-10-6 14:03:19 - debug: 构建项目脚本 start..., progress: 13%

2026-10-6 14:03:20 - log: [buildScriptCommand]Number of non-entry chunks: 2

2026-10-6 14:03:20 - debug: execute-script-end with buildScriptCommand 1428ms

2026-10-6 14:03:20 - debug: Copy externalScripts success!

2026-10-6 14:03:20 - debug: 构建项目脚本 in (1450 ms) √, progress: 17%

2026-10-6 14:03:20 - debug: 构建项目脚本 in (1450 ms) √, progress: 13%

2026-10-6 14:03:20 - debug: 构建引擎脚本 start..., progress: 17%

2026-10-6 14:03:20 - debug: mangleProperties is enabled, found engine-mangle-config.json, use it

2026-10-6 14:03:20 - debug: Engine cache (C:\Users\admin\AppData\Local\Temp\CocosCreator\3.8.8\builder\engine\5a4e6e83f48f35835f7419ac7ae88fe0) does not exist.

2026-10-6 14:03:20 - debug: mangleProperties is disabled, platform: HTML5

2026-10-6 14:03:20 - debug: Cache is invalid, start build engine with options: {  "incremental": "C:\\Users\\admin\\AppData\\Local\\Temp\\CocosCreator\\3.8.8\\builder\\engine\\5a4e6e83f48f35835f7419ac7ae88fe0.watch-files.json",  "engine": "C:\\ProgramData\\cocos\\editors\\Creator\\3.8.8\\resources\\resources\\3d\\engine",  "out": "C:\\Users\\admin\\AppData\\Local\\Temp\\CocosCreator\\3.8.8\\builder\\engine\\5a4e6e83f48f35835f7419ac7ae88fe0",  "moduleFormat": "system",  "compress": false,  "nativeCodeBundleMode": "both",  "assetURLFormat": "runtime-resolved",  "sourceMap": false,  "loose": true,  "features": [    "2d",    "3d",    "affine-transform",    "animation",    "audio",    "base",    "custom-pipeline",    "dragon-bones",    "gfx-webgl",    "graphics",    "intersection-2d",    "light-probe",    "marionette",    "mask",    "particle",    "particle-2d",    "physics-2d-box2d",    "physics-ammo",    "primitive",    "profiler",    "rich-text",    "skeletal-animation",    "spine-3.8",    "terrain",    "tiled-map",    "tween",    "ui",    "ui-skew",    "video",    "websocket",    "webview",    "gfx-webgl2",    "custom-pipeline-builtin-scripts"  ],  "platform": "HTML5",  "flags": {    "DEBUG": true,    "LOAD_BULLET_MANUALLY": false,    "LOAD_SPINE_MANUALLY": false,    "WEBGPU": false  },  "mode": "BUILD",  "metaFile": "C:\\Users\\admin\\AppData\\Local\\Temp\\CocosCreator\\3.8.8\\builder\\engine\\5a4e6e83f48f35835f7419ac7ae88fe0.meta\\meta.json",  "wasmCompressionMode": false,  "inlineEnum": true,  "mangleProperties": false,  "mangleConfigJsonMtime": 0}

2026-10-6 14:03:20 - debug: md5String: debug=true,sourceMaps=false,includeModules=["2d","3d","affine-transform","animation","audio","base","custom-pipeline","dragon-bones","gfx-webgl","graphics","intersection-2d","light-probe","marionette","mask","particle","particle-2d","physics-2d-box2d","physics-ammo","primitive","profiler","rich-text","skeletal-animation","spine-3.8","terrain","tiled-map","tween","ui","ui-skew","video","websocket","webview","gfx-webgl2","custom-pipeline-builtin-scripts"],engineVersion="3.8.8",platformType="HTML5",split=false,nativeCodeBundleMode="both",targets=undefined,entry="C:\\ProgramData\\cocos\\editors\\Creator\\3.8.8\\resources\\resources\\3d\\engine",noDeprecatedFeatures=undefined,loose=true,assetURLFormat="runtime-resolved",flags={"DEBUG":true,"LOAD_BULLET_MANUALLY":false,"LOAD_SPINE_MANUALLY":false,"WEBGPU":false},preserveType=undefined,wasmCompressionMode=false,enableNamedRegisterForSystemJSModuleFormat=undefined,mangleProperties=false,inlineEnum=true,

2026-10-6 14:03:20 - debug: Error: Exit process with code:null, signal:SIGTERM in task build-script    at ChildProcess.<anonymous> (C:\ProgramData\cocos\editors\Creator\3.8.8\resources\app.asar\builtin\builder\dist\worker\worker-pools\sub-process-manager.ccc:1:2409)    at ChildProcess.emit (node:events:519:28)    at Process.ChildProcess._handle.onexit (node:internal/child_process:294:12)

2026-10-6 14:03:21 - log: [buildEngineCommand]enter sub process 39276, 9229, see: chrome://inspect/#devices

2026-10-6 14:03:24 - log: [buildEngineCommand]start build engine with options: {"engine":"C:\\ProgramData\\cocos\\editors\\Creator\\3.8.8\\resources\\resources\\3d\\engine","out":"C:\\Users\\admin\\AppData\\Local\\Temp\\CocosCreator\\3.8.8\\builder\\engine\\5a4e6e83f48f35835f7419ac7ae88fe0","platform":"HTML5","moduleFormat":"system","compress":false,"split":false,"nativeCodeBundleMode":"both","assetURLFormat":"runtime-resolved","noDeprecatedFeatures":false,"sourceMap":false,"features":["2d","3d","affine-transform","animation","audio","base","custom-pipeline","dragon-bones","gfx-webgl","graphics","intersection-2d","light-probe","marionette","mask","particle","particle-2d","physics-2d-box2d","physics-ammo","primitive","profiler","rich-text","skeletal-animation","spine-3.8","terrain","tiled-map","tween","ui","ui-skew","video","websocket","webview","gfx-webgl2","custom-pipeline-builtin-scripts"],"loose":true,"mode":"BUILD","flags":{"DEBUG":true,"LOAD_BULLET_MANUALLY":false,"LOAD_SPINE_MANUALLY":false,"WEBGPU":false},"metaFile":"C:\\Users\\admin\\AppData\\Local\\Temp\\CocosCreator\\3.8.8\\builder\\engine\\5a4e6e83f48f35835f7419ac7ae88fe0.meta\\meta.json","mangleProperties":false,"inlineEnum":true,"incremental":"C:\\Users\\admin\\AppData\\Local\\Temp\\CocosCreator\\3.8.8\\builder\\engine\\5a4e6e83f48f35835f7419ac7ae88fe0.watch-files.json","wasmCompressionMode":false,"mangleConfigJsonMtime":0}

2026-10-6 14:03:24 - log: [buildEngineCommand]Module source "internal-constants":function tryDefineGlobal (name, value) {    const _global = typeof window === 'undefined' ? global : window;    if (typeof _global[name] === 'undefined') {        return (_global[name] = value);    } else {        // eslint-disable-next-line @typescript-eslint/no-unsafe-return        return _global[name];    }}export const HTML5 = true;export const NATIVE = false;export const ANDROID = false;export const IOS = false;export const MAC = false;export const WINDOWS = false;export const LINUX = false;export const OHOS = false;export const OPEN_HARMONY = false;export const WECHAT = false;tryDefineGlobal('CC_WECHAT', false);export const WECHAT_MINI_PROGRAM = false;export const XIAOMI = false;tryDefineGlobal('CC_XIAOMI', false);export const ALIPAY = false;tryDefineGlobal('CC_ALIPAY', false);export const TAOBAO = false;export const TAOBAO_MINIGAME = false;export const BYTEDANCE = false;tryDefineGlobal('CC_BYTEDANCE', false);export const OPPO = false;tryDefineGlobal('CC_OPPO', false);export const VIVO = false;tryDefineGlobal('CC_VIVO', false);export const HUAWEI = false;tryDefineGlobal('CC_HUAWEI', false);export const MIGU = false;tryDefineGlobal('CC_MIGU', false);export const HONOR = false;tryDefineGlobal('CC_HONOR', false);export const COCOS_RUNTIME = false;tryDefineGlobal('CC_COCOS_RUNTIME', false);export const SUD = false;tryDefineGlobal('CC_SUD', false);export const SUDV2 = false;tryDefineGlobal('CC_SUDV2', false);export const NODEJS = false;tryDefineGlobal('CC_NODEJS', false);export const EDITOR = false;tryDefineGlobal('CC_EDITOR', false);export const EDITOR_NOT_IN_PREVIEW = false;export const PREVIEW = false;tryDefineGlobal('CC_PREVIEW', false);export const BUILD = true;tryDefineGlobal('CC_BUILD', true);export const TEST = false;tryDefineGlobal('CC_TEST', false);export const DEBUG = true;tryDefineGlobal('CC_DEBUG', true);export const SERVER_MODE = false;export const DEV = false;tryDefineGlobal('CC_DEV', false);export const MINIGAME = false;tryDefineGlobal('CC_MINIGAME', false);export const RUNTIME_BASED = false;tryDefineGlobal('CC_RUNTIME_BASED', false);export const SUPPORT_JIT = true;tryDefineGlobal('CC_SUPPORT_JIT', true);export const JSB = false;tryDefineGlobal('CC_JSB', false);export const NOT_PACK_PHYSX_LIBS = false;export const NET_MODE = 0;export const WEBGPU = false;export const NATIVE_CODE_BUNDLE_MODE = 2;export const WASM_SUBPACKAGE = false;export const CULL_MESHOPT = true;export const LOAD_SPINE_MANUALLY = false;export const LOAD_BOX2D_MANUALLY = false;export const LOAD_BULLET_MANUALLY = false;export const LOAD_PHYSX_MANUALLY = false;export const USE_3D = true;export const USE_UI_SKEW = true;export const USE_XR = false;export const USE_SORTING_2D = false;

2026-10-6 14:03:24 - log: [buildEngineCommand]Module source "cc":export * from 'C:\\ProgramData\\cocos\\editors\\Creator\\3.8.8\\resources\\resources\\3d\\engine\\exports\\2d.ts';export * from 'C:\\ProgramData\\cocos\\editors\\Creator\\3.8.8\\resources\\resources\\3d\\engine\\exports\\sorting.ts';export * from 'C:\\ProgramData\\cocos\\editors\\Creator\\3.8.8\\resources\\resources\\3d\\engine\\exports\\3d.ts';export * from 'C:\\ProgramData\\cocos\\editors\\Creator\\3.8.8\\resources\\resources\\3d\\engine\\exports\\affine-transform.ts';export * from 'C:\\ProgramData\\cocos\\editors\\Creator\\3.8.8\\resources\\resources\\3d\\engine\\exports\\animation.ts';export * from 'C:\\ProgramData\\cocos\\editors\\Creator\\3.8.8\\resources\\resources\\3d\\engine\\exports\\audio.ts';export * from 'C:\\ProgramData\\cocos\\editors\\Creator\\3.8.8\\resources\\resources\\3d\\engine\\exports\\base.ts';export * from 'C:\\ProgramData\\cocos\\editors\\Creator\\3.8.8\\resources\\resources\\3d\\engine\\exports\\custom-pipeline.ts';export * from 'C:\\ProgramData\\cocos\\editors\\Creator\\3.8.8\\resources\\resources\\3d\\engine\\exports\\dragon-bones.ts';export * from 'C:\\ProgramData\\cocos\\editors\\Creator\\3.8.8\\resources\\resources\\3d\\engine\\exports\\gfx-webgl.ts';export * from 'C:\\ProgramData\\cocos\\editors\\Creator\\3.8.8\\resources\\resources\\3d\\engine\\exports\\graphics.ts';export * from 'C:\\ProgramData\\cocos\\editors\\Creator\\3.8.8\\resources\\resources\\3d\\engine\\exports\\intersection-2d.ts';export * from 'C:\\ProgramData\\cocos\\editors\\Creator\\3.8.8\\resources\\resources\\3d\\engine\\exports\\light-probe.ts';export * from 'C:\\ProgramData\\cocos\\editors\\Creator\\3.8.8\\resources\\resources\\3d\\engine\\exports\\mask.ts';export * from 'C:\\ProgramData\\cocos\\editors\\Creator\\3.8.8\\resources\\resources\\3d\\engine\\exports\\particle.ts';export * from 'C:\\ProgramData\\cocos\\editors\\Creator\\3.8.8\\resources\\resources\\3d\\engine\\exports\\particle-2d.ts';export * from 'C:\\ProgramData\\cocos\\editors\\Creator\\3.8.8\\resources\\resources\\3d\\engine\\exports\\physics-2d-box2d.ts';export * from 'C:\\ProgramData\\cocos\\editors\\Creator\\3.8.8\\resources\\resources\\3d\\engine\\exports\\physics-2d-framework.ts';export * from 'C:\\ProgramData\\cocos\\editors\\Creator\\3.8.8\\resources\\resources\\3d\\engine\\exports\\physics-ammo.ts';export * from 'C:\\ProgramData\\cocos\\editors\\Creator\\3.8.8\\resources\\resources\\3d\\engine\\exports\\physics-framework.ts';export * from 'C:\\ProgramData\\cocos\\editors\\Creator\\3.8.8\\resources\\resources\\3d\\engine\\exports\\primitive.ts';export * from 'C:\\ProgramData\\cocos\\editors\\Creator\\3.8.8\\resources\\resources\\3d\\engine\\exports\\profiler.ts';export * from 'C:\\ProgramData\\cocos\\editors\\Creator\\3.8.8\\resources\\resources\\3d\\engine\\exports\\rich-text.ts';export * from 'C:\\ProgramData\\cocos\\editors\\Creator\\3.8.8\\resources\\resources\\3d\\engine\\exports\\skeletal-animation.ts';export * from 'C:\\ProgramData\\cocos\\editors\\Creator\\3.8.8\\resources\\resources\\3d\\engine\\exports\\spine.ts';export * from 'C:\\ProgramData\\cocos\\editors\\Creator\\3.8.8\\resources\\resources\\3d\\engine\\exports\\terrain.ts';export * from 'C:\\ProgramData\\cocos\\editors\\Creator\\3.8.8\\resources\\resources\\3d\\engine\\exports\\tiled-map.ts';export * from 'C:\\ProgramData\\cocos\\editors\\Creator\\3.8.8\\resources\\resources\\3d\\engine\\exports\\tween.ts';export * from 'C:\\ProgramData\\cocos\\editors\\Creator\\3.8.8\\resources\\resources\\3d\\engine\\exports\\ui.ts';export * from 'C:\\ProgramData\\cocos\\editors\\Creator\\3.8.8\\resources\\resources\\3d\\engine\\exports\\ui-skew.ts';export * from 'C:\\ProgramData\\cocos\\editors\\Creator\\3.8.8\\resources\\resources\\3d\\engine\\exports\\video.ts';export * from 'C:\\ProgramData\\cocos\\editors\\Creator\\3.8.8\\resources\\resources\\3d\\engine\\exports\\webview.ts';export * from 'C:\\ProgramData\\cocos\\editors\\Creator\\3.8.8\\resources\\resources\\3d\\engine\\exports\\gfx-webgl2.ts';

2026-10-6 14:04:02 - log: [buildEngineCommand]Redirect module internal:native to C:\ProgramData\cocos\editors\Creator\3.8.8\resources\resources\3d\engine\cocos\native-binding\impl.ts

2026-10-6 14:04:03 - log: [buildEngineCommand]Redirect module C:\ProgramData\cocos\editors\Creator\3.8.8\resources\resources\3d\engine\cocos\2d\renderer\native-2d.ts to C:\ProgramData\cocos\editors\Creator\3.8.8\resources\resources\3d\engine\cocos\2d\renderer\native-2d-empty.ts

2026-10-6 14:04:10 - log: [buildEngineCommand]Redirect module C:\ProgramData\cocos\editors\Creator\3.8.8\resources\resources\3d\engine\cocos\spine\lib\spine-version.ts to C:\ProgramData\cocos\editors\Creator\3.8.8\resources\resources\3d\engine\cocos\spine\lib\spine-version-3.8.ts

2026-10-6 14:04:10 - log: [buildEngineCommand]Redirect module pal/system-info to C:\ProgramData\cocos\editors\Creator\3.8.8\resources\resources\3d\engine\pal\system-info\web\system-info.js

2026-10-6 14:04:11 - log: [buildEngineCommand]Redirect module pal/audio to C:\ProgramData\cocos\editors\Creator\3.8.8\resources\resources\3d\engine\pal\audio\web\player.js

2026-10-6 14:04:14 - log: [buildEngineCommand]Redirect module pal/screen-adapter to C:\ProgramData\cocos\editors\Creator\3.8.8\resources\resources\3d\engine\pal\screen-adapter\web\screen-adapter.js

2026-10-6 14:04:15 - log: [buildEngineCommand]Redirect module pal/env to C:\ProgramData\cocos\editors\Creator\3.8.8\resources\resources\3d\engine\pal\env\web\env.jsRedirect module pal/pacer to C:\ProgramData\cocos\editors\Creator\3.8.8\resources\resources\3d\engine\pal\pacer\pacer-web.js

2026-10-6 14:04:17 - log: [buildEngineCommand]Redirect module pal/input to C:\ProgramData\cocos\editors\Creator\3.8.8\resources\resources\3d\engine\pal\input\web\index.js

2026-10-6 14:04:20 - log: [buildEngineCommand]Redirect module pal/minigame to C:\ProgramData\cocos\editors\Creator\3.8.8\resources\resources\3d\engine\pal\minigame\non-minigame.js

2026-10-6 14:04:21 - log: [buildEngineCommand]Redirect module pal/wasm to C:\ProgramData\cocos\editors\Creator\3.8.8\resources\resources\3d\engine\pal\wasm\wasm-web.js

2026-10-6 14:04:22 - log: [buildEngineCommand]Redirect module C:\ProgramData\cocos\editors\Creator\3.8.8\resources\resources\3d\engine\cocos\spine\lib\spine-instantiate.ts to C:\ProgramData\cocos\editors\Creator\3.8.8\resources\resources\3d\engine\cocos\spine\lib\spine-instantiate-3.8.ts

2026-10-6 14:04:25 - log: [buildEngineCommand]Redirect module C:\ProgramData\cocos\editors\Creator\3.8.8\resources\resources\3d\engine\cocos\animation\marionette\pose-graph\runtime-exports.ts to C:\ProgramData\cocos\editors\Creator\3.8.8\resources\resources\3d\engine\cocos\animation\marionette\pose-graph\runtime-exports-empty.ts

2026-10-6 14:04:32 - log: [buildEngineCommand]Rollup warning 'THIS_IS_UNDEFINED' is omitted for C:\ProgramData\cocos\editors\Creator\3.8.8\resources\resources\3d\engine\node_modules\@cocos\dragonbones-js\out\dragonBones.js

2026-10-6 14:04:32 - log: [buildEngineCommand]Rollup warning 'THIS_IS_UNDEFINED' is omitted for C:\ProgramData\cocos\editors\Creator\3.8.8\resources\resources\3d\engine\node_modules\@cocos\dragonbones-js\out\dragonBones.js

2026-10-6 14:04:45 - log: [buildEngineCommand]==== Performance ===={"# BUILD":[78930.452,1839879396,2014098404],"## initialize":[29565.7785,408769644,582994412],"- plugin 6 (node-resolve) - buildStart":[0.21709999999984575,-269992,174243932],"- plugin 8 (commonjs) - buildStart":[0.04120000000057189,3312,174248088],"- plugin 9 (@cocos/typescript) - buildStart":[29565.411600000003,408743928,582992420],"## generate module graph":[41128.804299999996,1318697924,1901692924],"- plugin 0 (commonjs--resolver) - resolveId":[39.57009999992442,5278912,1905318276],"- plugin 1 (@cocos/ccbuild|external-loader) - resolveId":[14.085399999858055,2001948,1905318744],"- plugin 2 (@cocos/ccbuild|module-overrides) - resolveId":[22.074599999730708,-2838128,1905319608],"- plugin 3 (virtual) - resolveId":[33.88760000029288,6537928,1905321276],"- plugin 1 (@cocos/ccbuild|external-loader) - load":[4.559799999980896,407832,1900734644],"- plugin 2 (@cocos/ccbuild|module-overrides) - load":[12.561700000063865,-3967484,1900736360],"- plugin 3 (virtual) - load":[2.467299999887473,171780,1900736856],"- plugin 7 (json) - transform":[5.9335999998875195,684536,1906096140],"- plugin 8 (commonjs) - transform":[1141.3271000000095,52784896,1906097948],"- plugin 10 (babel) - transform":[359.6208000000115,10985128,1906123504],"generate ast":[2462.5180000000546,292554324,1906092376],"- plugin 4 (@cocos/ccbuild|module-query-plugin) - resolveId":[25.761899999764864,311504,1905323040],"- plugin 5 (ts-paths) - resolveId":[22.17399999985355,1606808,1905323972],"- plugin 9 (@cocos/typescript) - resolveId":[4866.452700000169,112809456,1905404988],"- plugin 10 (babel) - resolveId":[3.5669000002380926,-195864,1905405616],"- plugin 6 (node-resolve) - resolveId":[10.058100000067498,1200572,1905406492],"- plugin 6 (node-resolve) - load":[2.3339999999661813,319644,1900737360],"- plugin 8 (commonjs) - load":[3.3522000000230037,379644,1900737856],"- plugin 9 (@cocos/typescript) - load":[53.96180000001914,10184348,1900749328],"- plugin 10 (babel) - load":[233.57829999997193,4891920,1900749988],"## sort and bind modules":[546.9263999999966,25240984,1926933980],"## mark included statements":[7672.190799999997,86634024,2013568036],"treeshaking pass 1":[1904.9282999999996,60250664,1987482312],"treeshaking pass 2":[831.4135999999999,12418224,1999900568],"treeshaking pass 3":[382.06900000000314,-3122912,1996777688],"treeshaking pass 4":[307.020199999999,5967612,2002745332],"treeshaking pass 5":[301.959400000007,1099548,2003844912],"treeshaking pass 6":[985.352899999998,5438904,2009283848],"treeshaking pass 7":[499.89970000000903,341128,2009625008],"treeshaking pass 8":[366.1006999999954,-535352,2009089688],"treeshaking pass 9":[633.9691999999923,7018020,2016107740],"treeshaking pass 10":[410.68099999999686,1941668,2018049440],"treeshaking pass 11":[355.90119999999297,-2683076,2015366396],"treeshaking pass 12":[347.997000000003,3344364,2018710792],"treeshaking pass 13":[342.95810000000347,-5143052,2013567772],"- plugin 8 (commonjs) - buildEnd":[0.011500000007799827,244,2013570684],"- plugin 9 (@cocos/typescript) - buildEnd":[16.33740000000398,526644,2014097360]}====             ====

2026-10-6 14:04:47 - debug: execute-script-end with buildEngineCommand 86165ms

2026-10-6 14:04:47 - debug: build engine done: output: C:\Users\admin\AppData\Local\Temp\CocosCreator\3.8.8\builder\engine\5a4e6e83f48f35835f7419ac7ae88fe0

2026-10-6 14:04:47 - debug: 构建引擎脚本 in (86251 ms) √, progress: 17%

2026-10-6 14:04:47 - debug: Copy plugin script ..., progress: 17%

2026-10-6 14:04:47 - debug: Generate import-map..., progress: 17%

2026-10-6 14:04:47 - debug: // ---- build task 打包脚本 ---- (95853ms)

2026-10-6 14:04:47 - log: run build task 打包脚本 success in 1 min 35 s√, progress: 22%

2026-10-6 14:04:47 - debug: [Build Memory track]: 打包脚本 start:242.30MB, end 229.66MB, increase: -12938.88KB

2026-10-6 14:04:47 - debug: Build Assets start, progress: 22%

2026-10-6 14:04:47 - debug: // ---- build task Build Assets ----

2026-10-6 14:04:47 - debug: Build bundles..., progress: 22%

2026-10-6 14:04:47 - debug: Pack Images start, progress: 22%

2026-10-6 14:04:47 - debug: Pack Images start, progress: 13%

2026-10-6 14:04:47 - debug: Number of pac assets: 1

2026-10-6 14:04:47 - debug: No pack results

2026-10-6 14:04:47 - debug: Compress image start..., progress: 22%

2026-10-6 14:04:47 - debug: Compress image start..., progress: 13%

2026-10-6 14:04:47 - group: Compress image...

2026-10-6 14:04:47 - debug: sort compress task {}

2026-10-6 14:04:47 - debug: Num of all image compress task 0, really: 0, configTasks: 0

2026-10-6 14:04:47 - debug: No image need to compress

2026-10-6 14:04:47 - groupEnd: Compress image...

2026-10-6 14:04:47 - debug: Compress image success..., progress: 22%

2026-10-6 14:04:47 - debug: Compress image success..., progress: 13%

2026-10-6 14:04:47 - debug: Output asset in bundles start, progress: 22%

2026-10-6 14:04:47 - debug: Output asset in bundles start, progress: 13%

2026-10-6 14:04:47 - debug: Handle all json groups in bundle internal

2026-10-6 14:04:47 - debug: handle json group

2026-10-6 14:04:47 - debug: Handle all json groups in bundle main

2026-10-6 14:04:47 - debug: handle json group

2026-10-6 14:04:47 - debug: Json group(0d0d3c8df) compile success，json number: 6

2026-10-6 14:04:47 - debug: Json group(070e260c2) compile success，json number: 6

2026-10-6 14:04:47 - debug: Json group(0a9f2beb8) compile success，json number: 6

2026-10-6 14:04:47 - debug: Json group(010d3a23c) compile success，json number: 6

2026-10-6 14:04:47 - debug: Error: Exit process with code:null, signal:SIGTERM in task build-engine    at ChildProcess.<anonymous> (C:\ProgramData\cocos\editors\Creator\3.8.8\resources\app.asar\builtin\builder\dist\worker\worker-pools\sub-process-manager.ccc:1:2409)    at ChildProcess.emit (node:events:519:28)    at Process.ChildProcess._handle.onexit (node:internal/child_process:294:12)

2026-10-6 14:04:47 - debug: Json group(07d3aae9f) compile success，json number: 6

2026-10-6 14:04:47 - debug: handle single json

2026-10-6 14:04:47 - debug: Json group(04b964e93) compile success，json number: 6

2026-10-6 14:04:47 - debug: handle single json

2026-10-6 14:04:47 - debug: Output asset in bundles success, progress: 22%

2026-10-6 14:04:47 - debug: Output asset in bundles success, progress: 13%

2026-10-6 14:04:47 - debug: Output asset in bundles start, progress: 22%

2026-10-6 14:04:47 - debug: Output asset in bundles start, progress: 13%

2026-10-6 14:04:47 - debug: output config of bundle internal

2026-10-6 14:04:47 - debug: output config of bundle internal success

2026-10-6 14:04:47 - debug: output config of bundle main

2026-10-6 14:04:47 - debug: output config of bundle main success

2026-10-6 14:04:47 - debug: Output asset in bundles success, progress: 22%

2026-10-6 14:04:47 - debug: Output asset in bundles success, progress: 13%

2026-10-6 14:04:47 - debug: // ---- build task Build Assets ---- (415ms)

2026-10-6 14:04:47 - log: run build task Build Assets success in 415 ms√, progress: 27%

2026-10-6 14:04:47 - debug: [Build Memory track]: Build Assets start:229.71MB, end 244.85MB, increase: 15.15MB

2026-10-6 14:04:47 - debug: 整理部分构建选项内数据到 settings.json start, progress: 27%

2026-10-6 14:04:47 - debug: // ---- build task 整理部分构建选项内数据到 settings.json ----

2026-10-6 14:04:47 - debug: // ---- build task 整理部分构建选项内数据到 settings.json ---- (3ms)

2026-10-6 14:04:47 - log: run build task 整理部分构建选项内数据到 settings.json success in 3 ms√, progress: 29%

2026-10-6 14:04:47 - debug: [Build Memory track]: 整理部分构建选项内数据到 settings.json start:244.95MB, end 235.87MB, increase: -9304.11KB

2026-10-6 14:04:47 - debug: 填充脚本数据到 settings.json start, progress: 29%

2026-10-6 14:04:47 - debug: // ---- build task 填充脚本数据到 settings.json ----

2026-10-6 14:04:47 - debug: // ---- build task 填充脚本数据到 settings.json ---- (2ms)

2026-10-6 14:04:47 - log: run build task 填充脚本数据到 settings.json success in 2 ms√, progress: 31%

2026-10-6 14:04:47 - debug: [Build Memory track]: 填充脚本数据到 settings.json start:235.92MB, end 235.96MB, increase: 40.70KB

2026-10-6 14:04:47 - debug: 整理部分构建选项内数据到 settings.json start, progress: 31%

2026-10-6 14:04:47 - debug: // ---- build task 整理部分构建选项内数据到 settings.json ----

2026-10-6 14:04:47 - debug: // ---- build task 整理部分构建选项内数据到 settings.json ---- (5ms)

2026-10-6 14:04:47 - log: run build task 整理部分构建选项内数据到 settings.json success in 5 ms√, progress: 32%

2026-10-6 14:04:47 - debug: [Build Memory track]: 整理部分构建选项内数据到 settings.json start:236.00MB, end 236.15MB, increase: 153.20KB

2026-10-6 14:04:47 - debug: web-mobile:(onBeforeCompressSettings) start..., progress: 32%

2026-10-6 14:04:47 - debug: // ---- build task web-mobile：onBeforeCompressSettings ----

2026-10-6 14:04:47 - debug: // ---- build task web-mobile：onBeforeCompressSettings ---- (2ms)

2026-10-6 14:04:47 - debug: web-mobile:(onBeforeCompressSettings) in 2 ms ✓, progress: 34%

2026-10-6 14:04:47 - debug: cocos-service:(onBeforeCompressSettings) start..., progress: 34%

2026-10-6 14:04:47 - debug: // ---- build task cocos-service：onBeforeCompressSettings ----

2026-10-6 14:04:47 - debug: // ---- build task cocos-service：onBeforeCompressSettings ---- (3ms)

2026-10-6 14:04:47 - debug: cocos-service:(onBeforeCompressSettings) in 3 ms ✓, progress: 36%

2026-10-6 14:04:47 - debug: 整理静态模板文件 start, progress: 36%

2026-10-6 14:04:47 - debug: // ---- build task 整理静态模板文件 ----

2026-10-6 14:04:47 - debug: // ---- build task 整理静态模板文件 ---- (112ms)

2026-10-6 14:04:47 - log: run build task 整理静态模板文件 success in 112 ms√, progress: 41%

2026-10-6 14:04:47 - debug: [Build Memory track]: 整理静态模板文件 start:236.37MB, end 239.63MB, increase: 3.26MB

2026-10-6 14:04:47 - debug: cocos-service:(onAfterCompressSettings) start..., progress: 41%

2026-10-6 14:04:47 - debug: // ---- build task cocos-service：onAfterCompressSettings ----

2026-10-6 14:04:47 - debug: // ---- build task cocos-service：onAfterCompressSettings ---- (67ms)

2026-10-6 14:04:47 - debug: cocos-service:(onAfterCompressSettings) in 67 ms ✓, progress: 43%

2026-10-6 14:04:47 - debug: web-mobile:(onBeforeCopyBuildTemplate) start..., progress: 43%

2026-10-6 14:04:47 - debug: // ---- build task web-mobile：onBeforeCopyBuildTemplate ----

2026-10-6 14:04:47 - debug: // ---- build task web-mobile：onBeforeCopyBuildTemplate ---- (30ms)

2026-10-6 14:04:47 - debug: web-mobile:(onBeforeCopyBuildTemplate) in 30 ms ✓, progress: 45%

2026-10-6 14:04:47 - debug: 给所有的资源加上 MD5 后缀 start, progress: 45%

2026-10-6 14:04:47 - debug: // ---- build task 给所有的资源加上 MD5 后缀 ----

2026-10-6 14:04:47 - debug: // ---- build task 给所有的资源加上 MD5 后缀 ---- (11ms)

2026-10-6 14:04:47 - log: run build task 给所有的资源加上 MD5 后缀 success in 11 ms√, progress: 55%

2026-10-6 14:04:47 - debug: [Build Memory track]: 给所有的资源加上 MD5 后缀 start:242.75MB, end 242.79MB, increase: 39.45KB

2026-10-6 14:04:47 - debug: web-mobile:(onAfterBuild) start..., progress: 55%

2026-10-6 14:04:47 - debug: // ---- build task web-mobile：onAfterBuild ----

2026-10-6 14:04:47 - debug: // ---- build task web-mobile：onAfterBuild ---- (3ms)

2026-10-6 14:04:47 - debug: web-mobile:(onAfterBuild) in 3 ms ✓, progress: 56%

2026-10-6 14:04:47 - debug: cocos-service:(onAfterBuild) start..., progress: 56%

2026-10-6 14:04:47 - debug: // ---- build task cocos-service：onAfterBuild ----

2026-10-6 14:04:47 - debug: // ---- build task cocos-service：onAfterBuild ---- (2ms)

2026-10-6 14:04:47 - debug: cocos-service:(onAfterBuild) in 2 ms ✓, progress: 58%

2026-10-6 14:04:47 - debug: adsense-h5g-plugin:(onAfterBuild) start..., progress: 58%

2026-10-6 14:04:47 - debug: // ---- build task adsense-h5g-plugin：onAfterBuild ----

2026-10-6 14:04:47 - debug: // ---- build task adsense-h5g-plugin：onAfterBuild ---- (3ms)

2026-10-6 14:04:47 - debug: adsense-h5g-plugin:(onAfterBuild) in 3 ms ✓, progress: 60%

2026-10-6 14:04:47 - log: Asset DB is resume!

2026-10-6 14:04:47 - debug: builder:build-project-total (96774ms)

2026-10-6 14:04:47 - debug: build task(web-mobile) in 96774!

2026-10-6 14:04:47 - debug: [Build Memory track]: builder:build-project-total start:240.54MB, end 244.59MB, increase: 4.05MB

2026-10-6 14:04:47 - debug: ================================ build Task (web-mobile) Finished in (1 min 36 s)ms ================================

